// Jest Snapshot v1, https://goo.gl/fbAQLP

exports[`Given the app component When rendered Then it should always match this snapshot 1`] = `
<div
  className="sc-bczRLJ jYHDTx"
>
  <div
    className="sc-crXcEl kEztYC"
  >
    <svg
      aria-hidden="true"
      className="svg-inline--fa fa-x modal__close-icon"
      data-icon="x"
      data-prefix="fas"
      data-testid="close-icon"
      focusable="false"
      onClick={[Function]}
      role="img"
      style={Object {}}
      viewBox="0 0 384 512"
      xmlns="http://www.w3.org/2000/svg"
    >
      <path
        d="M376.6 84.5c11.3-13.6 9.5-33.8-4.1-45.1s-33.8-9.5-45.1 4.1L192 206 56.6 43.5C45.3 29.9 25.1 28.1 11.5 39.4S-3.9 70.9 7.4 84.5L150.3 256 7.4 427.5c-11.3 13.6-9.5 33.8 4.1 45.1s33.8 9.5 45.1-4.1L192 306 327.4 468.5c11.3 13.6 31.5 15.4 45.1 4.1s15.4-31.5 4.1-45.1L233.7 256 376.6 84.5z"
        fill="currentColor"
        style={Object {}}
      />
    </svg>
    <span
      className="modal__title"
    >
      Success âœ“
    </span>
    <span
      className="modal__description"
    >
      no message
    </span>
  </div>
</div>
`;
